{
  "slot": {
    "start": 1400,
    "end": 1450,
    "doctor": "mjones"
  },
  "patient": "jsmith",
  "status": "Slot booked successfully"
}