{
  "slot": {
    "id": 1234,
    "start": 1400,
    "end": 1450,
    "doctor": "mjones"
  },
  "patient": "jsmith"
}