{
  "slots": [
    {
      "links": [
        {
          "uri": "http://localhost/level3/doctors/1234",
          "rel": "self",
          "type": "GET"
        }
      ],
      "id": 1234,
      "start": 1400,
      "end": 1450,
      "doctor": "mjones"
    },
    {
      "links": [
        {
          "uri": "http://localhost/level3/doctors/5678",
          "rel": "self",
          "type": "GET"
        }
      ],
      "id": 5678,
      "start": 1600,
      "end": 1650,
      "doctor": "mjones"
    }
  ]
}