{
  "links": [
    {
      "uri": "http://localhost/level3/slots/1234/appointment",
      "rel": "self",
      "type": "GET"
    },
    {
      "uri": "http://localhost/level3/slots/1234/appointment",
      "rel": "cancel",
      "type": "DELETE"
    },
    {
      "uri": "http://localhost/level3/slots/1234/tests",
      "rel": "addTest",
      "type": "PUT"
    },
    {
      "uri": "http://localhost/level3/slots/1234",
      "rel": "reSchedule",
      "type": "POST"
    },
    {
      "uri": "http://localhost/level3/slots/1234/help/appointment",
      "rel": "help",
      "type": "GET"
    }
  ],
  "slot": {
    "links": [
      {
        "uri": "http://localhost/level3/slots/1234",
        "rel": "self",
        "type": "GET"
      }
    ],
    "id": 1234,
    "start": 1400,
    "end": 1450,
    "doctor": "mjones"
  },
  "patient": "jsmith"
}